 [38;2;192;202;245m[1;38;2;122;162;247ma9s[m[38;2;86;95;137m v[m[1;38;2;192;202;245m  demo:us-east-1[m                                                                                                           [38;2;86;95;137m? for help[m[m 
[38;2;65;72;104m┌─────────────────────────────────────────────────────────────── [m[1;38;2;122;162;247mec2(3/25)[m[38;2;65;72;104m ────────────────────────────────────────────────────────────────┐[m
[38;2;65;72;104m│[m[1;38;2;122;162;247m Name                      State         Lifecycle     Type            Private IP        Public IP         Instance ID         [m           [38;2;65;72;104m│[m
[38;2;65;72;104m│[m[1;38;2;26;27;38;48;2;122;162;247m [m[1;38;2;26;27;38;48;2;122;162;247mweb-prod-01             [m[1;38;2;26;27;38;48;2;122;162;247m  [m[1;38;2;26;27;38;48;2;122;162;247mrunning     [m[1;38;2;26;27;38;48;2;122;162;247m  [m[1;38;2;26;27;38;48;2;122;162;247mon-demand   [m[1;38;2;26;27;38;48;2;122;162;247m  [m[1;38;2;26;27;38;48;2;122;162;247mt3.large      [m[1;38;2;26;27;38;48;2;122;162;247m  [m[1;38;2;26;27;38;48;2;122;162;247m10.0.1.10       [m[1;38;2;26;27;38;48;2;122;162;247m  [m[1;38;2;26;27;38;48;2;122;162;247m54.210.33.112   [m[1;38;2;26;27;38;48;2;122;162;247m  [m[1;38;2;26;27;38;48;2;122;162;247mi-0a1b2c3d4e5f60001 [m[1;38;2;26;27;38;48;2;122;162;247m           [m[38;2;65;72;104m│[m
[38;2;65;72;104m│[m[38;2;158;206;106m [m[38;2;158;206;106mweb-prod-02             [m[38;2;158;206;106m  [m[38;2;158;206;106mrunning     [m[38;2;158;206;106m  [m[38;2;158;206;106mon-demand   [m[38;2;158;206;106m  [m[38;2;158;206;106mt3.large      [m[38;2;158;206;106m  [m[38;2;158;206;106m10.0.1.11       [m[38;2;158;206;106m  [m[38;2;158;206;106m54.210.33.113   [m[38;2;158;206;106m  [m[38;2;158;206;106mi-0a1b2c3d4e5f60002 [m           [38;2;65;72;104m│[m
[38;2;65;72;104m│[m[38;2;224;175;104m [m[38;2;224;175;104mweb-staging-01          [m[38;2;224;175;104m  [m[38;2;224;175;104mpending     [m[38;2;224;175;104m  [m[38;2;224;175;104mspot        [m[38;2;224;175;104m  [m[38;2;224;175;104mt3.medium     [m[38;2;224;175;104m  [m[38;2;224;175;104m10.0.2.70       [m[38;2;224;175;104m  [m[38;2;224;175;104m                [m[38;2;224;175;104m  [m[38;2;224;175;104mi-0a1b2c3d4e5f60007 [m           [38;2;65;72;104m│[m
[38;2;65;72;104m│[m                                                                                                                                          [38;2;65;72;104m│[m
[38;2;65;72;104m│[m                                                                                                                                          [38;2;65;72;104m│[m
[38;2;65;72;104m│[m                                                                                                                                          [38;2;65;72;104m│[m
[38;2;65;72;104m│[m                                                                                                                                          [38;2;65;72;104m│[m
[38;2;65;72;104m│[m                                                                                                                                          [38;2;65;72;104m│[m
[38;2;65;72;104m│[m                                                                                                                                          [38;2;65;72;104m│[m
[38;2;65;72;104m│[m                                                                                                                                          [38;2;65;72;104m│[m
[38;2;65;72;104m│[m                                                                                                                                          [38;2;65;72;104m│[m
[38;2;65;72;104m│[m                                                                                                                                          [38;2;65;72;104m│[m
[38;2;65;72;104m│[m                                                                                                                                          [38;2;65;72;104m│[m
[38;2;65;72;104m│[m                                                                                                                                          [38;2;65;72;104m│[m
[38;2;65;72;104m│[m                                                                                                                                          [38;2;65;72;104m│[m
[38;2;65;72;104m│[m                                                                                                                                          [38;2;65;72;104m│[m
[38;2;65;72;104m│[m                                                                                                                                          [38;2;65;72;104m│[m
[38;2;65;72;104m│[m                                                                                                                                          [38;2;65;72;104m│[m
[38;2;65;72;104m│[m                                                                                                                                          [38;2;65;72;104m│[m
[38;2;65;72;104m│[m                                                                                                                                          [38;2;65;72;104m│[m
[38;2;65;72;104m│[m                                                                                                                                          [38;2;65;72;104m│[m
[38;2;65;72;104m│[m                                                                                                                                          [38;2;65;72;104m│[m
[38;2;65;72;104m│[m                                                                                                                                          [38;2;65;72;104m│[m
[38;2;65;72;104m│[m                                                                                                                                          [38;2;65;72;104m│[m
[38;2;65;72;104m│[m                                                                                                                                          [38;2;65;72;104m│[m
[38;2;65;72;104m│[m                                                                                                                                          [38;2;65;72;104m│[m
[38;2;65;72;104m└──────────────────────────────────────────────────────────────────────────────────────────────────────────────────[m[1;38;2;122;162;247my[m [38;2;86;95;137mYAML[m[38;2;65;72;104m──[m[1;38;2;122;162;247mctrl+r[m [38;2;86;95;137mRefresh[m[38;2;65;72;104m──┘[m