 [38;2;192;202;245m[1;38;2;122;162;247ma9s[m[38;2;86;95;137m v[m[1;38;2;192;202;245m  demo:us-east-1[m                                                                                                           [38;2;86;95;137m? for help[m[m 
[38;2;65;72;104m┌──────────────────────────────────────────────────────────────── [m[1;38;2;122;162;247mec2(25)[m[38;2;65;72;104m ─────────────────────────────────────────────────────────────────┐[m
[38;2;65;72;104m│[m[1;38;2;122;162;247m Name                      State         Lifecycle     Type            Private IP        Public IP         Instance ID         [m           [38;2;65;72;104m│[m
[38;2;65;72;104m│[m[1;38;2;26;27;38;48;2;122;162;247m web-prod-01               running       on-demand     t3.large        10.0.1.10         54.210.33.112     i-0a1b2c3d4e5f60001 [m[48;2;122;162;247m           [m[38;2;65;72;104m│[m
[38;2;65;72;104m│[m[38;2;158;206;106m web-prod-02               running       on-demand     t3.large        10.0.1.11         54.210.33.113     i-0a1b2c3d4e5f60002 [m           [38;2;65;72;104m│[m
[38;2;65;72;104m│[m[38;2;158;206;106m api-staging-01            running       spot          m5.xlarge       10.0.2.50                           i-0a1b2c3d4e5f60003 [m           [38;2;65;72;104m│[m
[38;2;65;72;104m│[m[38;2;247;118;142m worker-batch-03           stopped       spot          c5.xlarge       10.0.3.100                          i-0a1b2c3d4e5f60004 [m           [38;2;65;72;104m│[m
[38;2;65;72;104m│[m[38;2;158;206;106m bastion-prod              running       on-demand     t3.micro        10.0.0.5          52.87.221.44      i-0a1b2c3d4e5f60005 [m           [38;2;65;72;104m│[m
[38;2;65;72;104m│[m[38;2;158;206;106m db-proxy-01               running       on-demand     r5.large        10.0.4.200                          i-0a1b2c3d4e5f60006 [m           [38;2;65;72;104m│[m
[38;2;65;72;104m│[m[38;2;224;175;104m web-staging-01            pending       spot          t3.medium       10.0.2.70                           i-0a1b2c3d4e5f60007 [m           [38;2;65;72;104m│[m
[38;2;65;72;104m│[m[38;2;192;202;245m ml-trainer-gpu            stopping      spot          g4dn.xlarge     10.0.5.30                           i-0a1b2c3d4e5f60008 [m           [38;2;65;72;104m│[m
[38;2;65;72;104m│[m[38;2;86;95;137m temp-load-test            shutting-do…  on-demand     c5.large        10.0.3.55                           i-0a1b2c3d4e5f60009 [m           [38;2;65;72;104m│[m
[38;2;65;72;104m│[m[38;2;86;95;137m old-migration-worker      terminated    on-demand     t3.small                                            i-0a1b2c3d4e5f60010 [m           [38;2;65;72;104m│[m
[38;2;65;72;104m│[m[38;2;158;206;106m cache-node-11             running       on-demand     t3.medium       10.0.2.21         54.210.34.100     i-0a1b2c3d4e5f60011 [m           [38;2;65;72;104m│[m
[38;2;65;72;104m│[m[38;2;158;206;106m queue-worker-12           running       on-demand     m5.large        10.0.2.22                           i-0a1b2c3d4e5f60012 [m           [38;2;65;72;104m│[m
[38;2;65;72;104m│[m[38;2;158;206;106m scheduler-13              running       on-demand     c5.large        10.0.2.23                           i-0a1b2c3d4e5f60013 [m           [38;2;65;72;104m│[m
[38;2;65;72;104m│[m[38;2;158;206;106m metrics-collector-14      running       on-demand     r5.large        10.0.2.24                           i-0a1b2c3d4e5f60014 [m           [38;2;65;72;104m│[m
[38;2;65;72;104m│[m[38;2;158;206;106m gateway-proxy-15          running       on-demand     t3.large        10.0.2.25                           i-0a1b2c3d4e5f60015 [m           [38;2;65;72;104m│[m
[38;2;65;72;104m│[m[38;2;158;206;106m auth-service-16           running       on-demand     m5.xlarge       10.0.2.26         54.210.39.105     i-0a1b2c3d4e5f60016 [m           [38;2;65;72;104m│[m
[38;2;65;72;104m│[m[38;2;158;206;106m search-indexer-17         running       on-demand     c5.xlarge       10.0.2.27                           i-0a1b2c3d4e5f60017 [m           [38;2;65;72;104m│[m
[38;2;65;72;104m│[m[38;2;247;118;142m notification-svc-18       stopped       on-demand     t3.small        10.0.2.28                           i-0a1b2c3d4e5f60018 [m           [38;2;65;72;104m│[m
[38;2;65;72;104m│[m[38;2;247;118;142m payment-processor-19      stopped       on-demand     r5.xlarge       10.0.2.29                           i-0a1b2c3d4e5f60019 [m           [38;2;65;72;104m│[m
[38;2;65;72;104m│[m[38;2;158;206;106m inventory-sync-20         running       on-demand     t3.micro        10.0.3.30                           i-0a1b2c3d4e5f60020 [m           [38;2;65;72;104m│[m
[38;2;65;72;104m│[m[38;2;158;206;106m report-generator-21       running       on-demand     m5.large        10.0.3.31         54.210.44.110     i-0a1b2c3d4e5f60021 [m           [38;2;65;72;104m│[m
[38;2;65;72;104m│[m[38;2;158;206;106m etl-worker-22             running       on-demand     c5.large        10.0.3.32                           i-0a1b2c3d4e5f60022 [m           [38;2;65;72;104m│[m
[38;2;65;72;104m│[m[38;2;158;206;106m log-shipper-23            running       on-demand     t3.medium       10.0.3.33                           i-0a1b2c3d4e5f60023 [m           [38;2;65;72;104m│[m
[38;2;65;72;104m│[m[38;2;247;118;142m config-server-24          stopped       on-demand     r5.large        10.0.3.34                           i-0a1b2c3d4e5f60024 [m           [38;2;65;72;104m│[m
[38;2;65;72;104m│[m[38;2;158;206;106m health-checker-25         running       on-demand     t3.large        10.0.3.35                           i-0a1b2c3d4e5f60025 [m           [38;2;65;72;104m│[m
[38;2;65;72;104m│[m                                                                                                                                          [38;2;65;72;104m│[m
[38;2;65;72;104m└──────────────────────────────────────────────────────────────────────────────────────────────────────────────────────────────────────────┘[m