 [38;2;192;202;245m[1;38;2;122;162;247ma9s[m[38;2;86;95;137m v[m[1;38;2;192;202;245m  demo:us-east-1[m                                                                                                           [38;2;86;95;137m? for help[m[m 
[38;2;65;72;104m┌─────────────────────────────────────────────────────────────── [m[1;38;2;122;162;247mec2(3/25)[m[38;2;65;72;104m ────────────────────────────────────────────────────────────────┐[m
[38;2;65;72;104m│[m[1;38;2;122;162;247m Name                      State         Lifecycle     Type            Private IP        Public IP         Instance ID         [m           [38;2;65;72;104m│[m
[38;2;65;72;104m│[m[1;38;2;26;27;38;48;2;122;162;247m web-prod-01               running       on-demand     t3.large        10.0.1.10         54.210.33.112     i-0a1b2c3d4e5f60001 [m[48;2;122;162;247m           [m[38;2;65;72;104m│[m
[38;2;65;72;104m│[m[38;2;158;206;106m web-prod-02               running       on-demand     t3.large        10.0.1.11         54.210.33.113     i-0a1b2c3d4e5f60002 [m           [38;2;65;72;104m│[m
[38;2;65;72;104m│[m[38;2;224;175;104m web-staging-01            pending       spot          t3.medium       10.0.2.70                           i-0a1b2c3d4e5f60007 [m           [38;2;65;72;104m│[m
[38;2;65;72;104m│[m                                                                                                                                          [38;2;65;72;104m│[m
[38;2;65;72;104m│[m                                                                                                                                          [38;2;65;72;104m│[m
[38;2;65;72;104m│[m                                                                                                                                          [38;2;65;72;104m│[m
[38;2;65;72;104m│[m                                                                                                                                          [38;2;65;72;104m│[m
[38;2;65;72;104m│[m                                                                                                                                          [38;2;65;72;104m│[m
[38;2;65;72;104m│[m                                                                                                                                          [38;2;65;72;104m│[m
[38;2;65;72;104m│[m                                                                                                                                          [38;2;65;72;104m│[m
[38;2;65;72;104m│[m                                                                                                                                          [38;2;65;72;104m│[m
[38;2;65;72;104m│[m                                                                                                                                          [38;2;65;72;104m│[m
[38;2;65;72;104m│[m                                                                                                                                          [38;2;65;72;104m│[m
[38;2;65;72;104m│[m                                                                                                                                          [38;2;65;72;104m│[m
[38;2;65;72;104m│[m                                                                                                                                          [38;2;65;72;104m│[m
[38;2;65;72;104m│[m                                                                                                                                          [38;2;65;72;104m│[m
[38;2;65;72;104m│[m                                                                                                                                          [38;2;65;72;104m│[m
[38;2;65;72;104m│[m                                                                                                                                          [38;2;65;72;104m│[m
[38;2;65;72;104m│[m                                                                                                                                          [38;2;65;72;104m│[m
[38;2;65;72;104m│[m                                                                                                                                          [38;2;65;72;104m│[m
[38;2;65;72;104m│[m                                                                                                                                          [38;2;65;72;104m│[m
[38;2;65;72;104m│[m                                                                                                                                          [38;2;65;72;104m│[m
[38;2;65;72;104m│[m                                                                                                                                          [38;2;65;72;104m│[m
[38;2;65;72;104m│[m                                                                                                                                          [38;2;65;72;104m│[m
[38;2;65;72;104m│[m                                                                                                                                          [38;2;65;72;104m│[m
[38;2;65;72;104m│[m                                                                                                                                          [38;2;65;72;104m│[m
[38;2;65;72;104m└──────────────────────────────────────────────────────────────────────────────────────────────────────────────────────────────────────────┘[m