 [38;2;192;202;245m[1;38;2;122;162;247ma9s[m[38;2;86;95;137m v[m[1;38;2;192;202;245m  demo:us-east-1[m                                                                                                           [38;2;86;95;137m? for help[m[m 
[38;2;65;72;104m┌────────────────────────────────────────────────────────────────── [m[1;38;2;122;162;247mhelp[m[38;2;65;72;104m ──────────────────────────────────────────────────────────────────┐[m
[38;2;65;72;104m│[m [1;38;2;224;175;104mNAVIGATION[m                       [1;38;2;224;175;104mACTIONS[m                          [1;38;2;224;175;104mSORT[m                             [1;38;2;224;175;104mOTHER[m                                 [38;2;65;72;104m│[m
[38;2;65;72;104m│[m                                                                                                                                          [38;2;65;72;104m│[m
[38;2;65;72;104m│[m [1;38;2;158;206;106mj/k      [m[38;2;192;202;245mup/down[m                 [1;38;2;158;206;106menter/d  [m[38;2;192;202;245mdetail[m                  [1;38;2;158;206;106mN        [m[38;2;192;202;245msort name[m               [1;38;2;158;206;106mctrl+r   [m[38;2;192;202;245mrefresh[m                      [38;2;65;72;104m│[m
[38;2;65;72;104m│[m [1;38;2;158;206;106mg/G      [m[38;2;192;202;245mtop/bottom[m              [1;38;2;158;206;106my        [m[38;2;192;202;245myaml[m                    [1;38;2;158;206;106mI        [m[38;2;192;202;245msort id[m                 [1;38;2;158;206;106mesc      [m[38;2;192;202;245mback[m                         [38;2;65;72;104m│[m
[38;2;65;72;104m│[m [1;38;2;158;206;106mpgup     [m[38;2;192;202;245mpage up[m                 [1;38;2;158;206;106mt        [m[38;2;192;202;245mcloudtrail events[m       [1;38;2;158;206;106mA        [m[38;2;192;202;245msort date[m               [1;38;2;158;206;106mq        [m[38;2;192;202;245mquit[m                         [38;2;65;72;104m│[m
[38;2;65;72;104m│[m [1;38;2;158;206;106mpgdn     [m[38;2;192;202;245mpage down[m               [1;38;2;158;206;106mc        [m[38;2;192;202;245mcopy id[m                                                  [1;38;2;158;206;106mi        [m[38;2;192;202;245midentity[m                     [38;2;65;72;104m│[m
[38;2;65;72;104m│[m [1;38;2;158;206;106mh/l      [m[38;2;192;202;245mscroll cols[m             [1;38;2;158;206;106m/        [m[38;2;192;202;245mfilter[m                                                   [1;38;2;158;206;106m?        [m[38;2;192;202;245mhelp[m                         [38;2;65;72;104m│[m
[38;2;65;72;104m│[m                                  [1;38;2;158;206;106m:        [m[38;2;192;202;245mcommand[m                                                                                        [38;2;65;72;104m│[m
[38;2;65;72;104m│[m                                                                                                                                          [38;2;65;72;104m│[m
[38;2;65;72;104m│[m                                                         [38;2;86;95;137mTheme: Tokyo Night Dark[m                                                          [38;2;65;72;104m│[m
[38;2;65;72;104m│[m                                                          [38;2;86;95;137mPress any key to close[m                                                          [38;2;65;72;104m│[m
[38;2;65;72;104m│[m                                                                                                                                          [38;2;65;72;104m│[m
[38;2;65;72;104m│[m                                                                                                                                          [38;2;65;72;104m│[m
[38;2;65;72;104m│[m                                                                                                                                          [38;2;65;72;104m│[m
[38;2;65;72;104m│[m                                                                                                                                          [38;2;65;72;104m│[m
[38;2;65;72;104m│[m                                                                                                                                          [38;2;65;72;104m│[m
[38;2;65;72;104m│[m                                                                                                                                          [38;2;65;72;104m│[m
[38;2;65;72;104m│[m                                                                                                                                          [38;2;65;72;104m│[m
[38;2;65;72;104m│[m                                                                                                                                          [38;2;65;72;104m│[m
[38;2;65;72;104m│[m                                                                                                                                          [38;2;65;72;104m│[m
[38;2;65;72;104m│[m                                                                                                                                          [38;2;65;72;104m│[m
[38;2;65;72;104m│[m                                                                                                                                          [38;2;65;72;104m│[m
[38;2;65;72;104m│[m                                                                                                                                          [38;2;65;72;104m│[m
[38;2;65;72;104m│[m                                                                                                                                          [38;2;65;72;104m│[m
[38;2;65;72;104m│[m                                                                                                                                          [38;2;65;72;104m│[m
[38;2;65;72;104m│[m                                                                                                                                          [38;2;65;72;104m│[m
[38;2;65;72;104m│[m                                                                                                                                          [38;2;65;72;104m│[m
[38;2;65;72;104m└──────────────────────────────────────────────────────────────────────────────────────────────────────────────────────────────────────────┘[m