 [38;2;192;202;245m[1;38;2;122;162;247ma9s[m[38;2;86;95;137m v[m[1;38;2;192;202;245m  demo:us-east-1[m                                                                                       [38;2;86;95;137m? for help[m[m 
[38;2;65;72;104m┌──────────────────────────────────────────────────────── [m[1;38;2;122;162;247mhelp[m[38;2;65;72;104m ────────────────────────────────────────────────────────┐[m
[38;2;65;72;104m│[m [1;38;2;224;175;104mNAVIGATION[m                  [1;38;2;224;175;104mACTIONS[m                     [1;38;2;224;175;104mOTHER[m                       [1;38;2;224;175;104mCOMMANDS[m                         [38;2;65;72;104m│[m
[38;2;65;72;104m│[m                                                                                                                      [38;2;65;72;104m│[m
[38;2;65;72;104m│[m [1;38;2;158;206;106mj/k      [m[38;2;192;202;245mup/down[m            [1;38;2;158;206;106menter    [m[38;2;192;202;245mselect[m             [1;38;2;158;206;106mi        [m[38;2;192;202;245midentity[m           [1;38;2;158;206;106m:q       [m[38;2;192;202;245mexit[m                    [38;2;65;72;104m│[m
[38;2;65;72;104m│[m [1;38;2;158;206;106mg        [m[38;2;192;202;245mtop[m                [1;38;2;158;206;106m/        [m[38;2;192;202;245mfilter[m             [1;38;2;158;206;106m!        [m[38;2;192;202;245merror log[m          [1;38;2;158;206;106m:ctx     [m[38;2;192;202;245mswitch profile[m          [38;2;65;72;104m│[m
[38;2;65;72;104m│[m [1;38;2;158;206;106mG        [m[38;2;192;202;245mbottom[m             [1;38;2;158;206;106m:        [m[38;2;192;202;245mcommand[m            [1;38;2;158;206;106m?        [m[38;2;192;202;245mhelp[m               [1;38;2;158;206;106m:profile [m[38;2;192;202;245mswitch profile[m          [38;2;65;72;104m│[m
[38;2;65;72;104m│[m [1;38;2;158;206;106mpgup     [m[38;2;192;202;245mpage up[m            [1;38;2;158;206;106mq        [m[38;2;192;202;245mquit[m               [1;38;2;158;206;106mesc      [m[38;2;192;202;245mback[m               [1;38;2;158;206;106m:region  [m[38;2;192;202;245mswitch region[m           [38;2;65;72;104m│[m
[38;2;65;72;104m│[m [1;38;2;158;206;106mpgdn     [m[38;2;192;202;245mpage down[m          [1;38;2;158;206;106mctrl+c   [m[38;2;192;202;245mforce quit[m                                     [1;38;2;158;206;106m:theme   [m[38;2;192;202;245mswitch theme[m            [38;2;65;72;104m│[m
[38;2;65;72;104m│[m                                                                                     [1;38;2;158;206;106m:help    [m[38;2;192;202;245mshow help[m               [38;2;65;72;104m│[m
[38;2;65;72;104m│[m                                                                                     [1;38;2;158;206;106m:root    [m[38;2;192;202;245mmain menu[m               [38;2;65;72;104m│[m
[38;2;65;72;104m│[m                                                                                     [1;38;2;158;206;106m:main    [m[38;2;192;202;245mmain menu[m               [38;2;65;72;104m│[m
[38;2;65;72;104m│[m                                                                                     [1;38;2;158;206;106m:<res>   [m[38;2;192;202;245me.g. :ec2 :s3 :lambda[m   [38;2;65;72;104m│[m
[38;2;65;72;104m│[m                                                                                                                      [38;2;65;72;104m│[m
[38;2;65;72;104m│[m                                               [38;2;86;95;137mTheme: Tokyo Night Dark[m                                                [38;2;65;72;104m│[m
[38;2;65;72;104m│[m                                                [38;2;86;95;137mPress any key to close[m                                                [38;2;65;72;104m│[m
[38;2;65;72;104m│[m                                                                                                                      [38;2;65;72;104m│[m
[38;2;65;72;104m│[m                                                                                                                      [38;2;65;72;104m│[m
[38;2;65;72;104m│[m                                                                                                                      [38;2;65;72;104m│[m
[38;2;65;72;104m│[m                                                                                                                      [38;2;65;72;104m│[m
[38;2;65;72;104m│[m                                                                                                                      [38;2;65;72;104m│[m
[38;2;65;72;104m│[m                                                                                                                      [38;2;65;72;104m│[m
[38;2;65;72;104m│[m                                                                                                                      [38;2;65;72;104m│[m
[38;2;65;72;104m│[m                                                                                                                      [38;2;65;72;104m│[m
[38;2;65;72;104m│[m                                                                                                                      [38;2;65;72;104m│[m
[38;2;65;72;104m│[m                                                                                                                      [38;2;65;72;104m│[m
[38;2;65;72;104m│[m                                                                                                                      [38;2;65;72;104m│[m
[38;2;65;72;104m│[m                                                                                                                      [38;2;65;72;104m│[m
[38;2;65;72;104m│[m                                                                                                                      [38;2;65;72;104m│[m
[38;2;65;72;104m└──────────────────────────────────────────────────────────────────────────────────────────────────────────────────────┘[m