 [38;2;192;202;245m[1;38;2;122;162;247ma9s[m[38;2;86;95;137m v[m[1;38;2;192;202;245m  demo:us-east-1[m                                                                                       [38;2;86;95;137m? for help[m[m 
[38;2;65;72;104m┌──────────────────────────────────────────────────────── [m[1;38;2;122;162;247mhelp[m[38;2;65;72;104m ────────────────────────────────────────────────────────┐[m
[38;2;65;72;104m│[m [1;38;2;224;175;104mNAVIGATION[m                           [1;38;2;224;175;104mACTIONS[m                              [1;38;2;224;175;104mOTHER[m                                      [38;2;65;72;104m│[m
[38;2;65;72;104m│[m                                                                                                                      [38;2;65;72;104m│[m
[38;2;65;72;104m│[m [1;38;2;158;206;106mj/k      [m[38;2;192;202;245mup/down[m                     [1;38;2;158;206;106menter    [m[38;2;192;202;245mselect[m                      [1;38;2;158;206;106mi        [m[38;2;192;202;245midentity[m                          [38;2;65;72;104m│[m
[38;2;65;72;104m│[m [1;38;2;158;206;106mg        [m[38;2;192;202;245mtop[m                         [1;38;2;158;206;106m/        [m[38;2;192;202;245mfilter[m                      [1;38;2;158;206;106m?        [m[38;2;192;202;245mhelp[m                              [38;2;65;72;104m│[m
[38;2;65;72;104m│[m [1;38;2;158;206;106mG        [m[38;2;192;202;245mbottom[m                      [1;38;2;158;206;106m:        [m[38;2;192;202;245mcommand[m                     [1;38;2;158;206;106mesc      [m[38;2;192;202;245mback[m                              [38;2;65;72;104m│[m
[38;2;65;72;104m│[m [1;38;2;158;206;106mpgup     [m[38;2;192;202;245mpage up[m                     [1;38;2;158;206;106mq        [m[38;2;192;202;245mquit[m                                                                   [38;2;65;72;104m│[m
[38;2;65;72;104m│[m [1;38;2;158;206;106mpgdn     [m[38;2;192;202;245mpage down[m                   [1;38;2;158;206;106mctrl+c   [m[38;2;192;202;245mforce quit[m                                                             [38;2;65;72;104m│[m
[38;2;65;72;104m│[m                                                                                                                      [38;2;65;72;104m│[m
[38;2;65;72;104m│[m                                                [38;2;86;95;137mPress any key to close[m                                                [38;2;65;72;104m│[m
[38;2;65;72;104m│[m                                                                                                                      [38;2;65;72;104m│[m
[38;2;65;72;104m│[m                                                                                                                      [38;2;65;72;104m│[m
[38;2;65;72;104m│[m                                                                                                                      [38;2;65;72;104m│[m
[38;2;65;72;104m│[m                                                                                                                      [38;2;65;72;104m│[m
[38;2;65;72;104m│[m                                                                                                                      [38;2;65;72;104m│[m
[38;2;65;72;104m│[m                                                                                                                      [38;2;65;72;104m│[m
[38;2;65;72;104m│[m                                                                                                                      [38;2;65;72;104m│[m
[38;2;65;72;104m│[m                                                                                                                      [38;2;65;72;104m│[m
[38;2;65;72;104m│[m                                                                                                                      [38;2;65;72;104m│[m
[38;2;65;72;104m│[m                                                                                                                      [38;2;65;72;104m│[m
[38;2;65;72;104m│[m                                                                                                                      [38;2;65;72;104m│[m
[38;2;65;72;104m│[m                                                                                                                      [38;2;65;72;104m│[m
[38;2;65;72;104m│[m                                                                                                                      [38;2;65;72;104m│[m
[38;2;65;72;104m│[m                                                                                                                      [38;2;65;72;104m│[m
[38;2;65;72;104m│[m                                                                                                                      [38;2;65;72;104m│[m
[38;2;65;72;104m│[m                                                                                                                      [38;2;65;72;104m│[m
[38;2;65;72;104m│[m                                                                                                                      [38;2;65;72;104m│[m
[38;2;65;72;104m│[m                                                                                                                      [38;2;65;72;104m│[m
[38;2;65;72;104m└──────────────────────────────────────────────────────────────────────────────────────────────────────────────────────┘[m