 [38;2;192;202;245m[1;38;2;122;162;247ma9s[m[38;2;86;95;137m v[m[1;38;2;192;202;245m  demo:us-east-1[m                                                                                       [38;2;86;95;137m? for help[m[m 
[38;2;65;72;104m┌───────────────────────────────────────────────── [m[1;38;2;122;162;247mresource-types(66)[m[38;2;65;72;104m ─────────────────────────────────────────────────┐[m
[38;2;65;72;104m│[m[38;2;86;95;137m  COMPUTE [m                                                                                                            [38;2;65;72;104m│[m
[38;2;65;72;104m│[m[1;38;2;26;27;38;48;2;122;162;247m    EC2 Instances                                                                                    [38;2;86;95;137m:ec2           [m[m[48;2;122;162;247m  [m[38;2;65;72;104m│[m
[38;2;65;72;104m│[m[38;2;192;202;245m    ECS Services                                                                                     [m[38;2;86;95;137m:ecs-svc       [m  [38;2;65;72;104m│[m
[38;2;65;72;104m│[m[38;2;192;202;245m    ECS Clusters                                                                                     [m[38;2;86;95;137m:ecs           [m  [38;2;65;72;104m│[m
[38;2;65;72;104m│[m[38;2;192;202;245m    ECS Tasks                                                                                        [m[38;2;86;95;137m:ecs-task      [m  [38;2;65;72;104m│[m
[38;2;65;72;104m│[m[38;2;192;202;245m    Lambda Functions                                                                                 [m[38;2;86;95;137m:lambda        [m  [38;2;65;72;104m│[m
[38;2;65;72;104m│[m[38;2;192;202;245m    Auto Scaling Groups                                                                              [m[38;2;86;95;137m:asg           [m  [38;2;65;72;104m│[m
[38;2;65;72;104m│[m[38;2;192;202;245m    Elastic Beanstalk                                                                                [m[38;2;86;95;137m:eb            [m  [38;2;65;72;104m│[m
[38;2;65;72;104m│[m[38;2;192;202;245m    EBS Volumes                                                                                      [m[38;2;86;95;137m:ebs           [m  [38;2;65;72;104m│[m
[38;2;65;72;104m│[m[38;2;192;202;245m    EBS Snapshots                                                                                    [m[38;2;86;95;137m:ebs-snap      [m  [38;2;65;72;104m│[m
[38;2;65;72;104m│[m[38;2;192;202;245m    AMIs                                                                                             [m[38;2;86;95;137m:ami           [m  [38;2;65;72;104m│[m
[38;2;65;72;104m│[m[38;2;86;95;137m  CONTAINERS [m                                                                                                         [38;2;65;72;104m│[m
[38;2;65;72;104m│[m[38;2;192;202;245m    EKS Clusters                                                                                     [m[38;2;86;95;137m:eks           [m  [38;2;65;72;104m│[m
[38;2;65;72;104m│[m[38;2;192;202;245m    EKS Node Groups                                                                                  [m[38;2;86;95;137m:ng            [m  [38;2;65;72;104m│[m
[38;2;65;72;104m│[m[38;2;86;95;137m  NETWORKING [m                                                                                                         [38;2;65;72;104m│[m
[38;2;65;72;104m│[m[38;2;192;202;245m    Load Balancers                                                                                   [m[38;2;86;95;137m:elb           [m  [38;2;65;72;104m│[m
[38;2;65;72;104m│[m[38;2;192;202;245m    Target Groups                                                                                    [m[38;2;86;95;137m:tg            [m  [38;2;65;72;104m│[m
[38;2;65;72;104m│[m[38;2;192;202;245m    Security Groups                                                                                  [m[38;2;86;95;137m:sg            [m  [38;2;65;72;104m│[m
[38;2;65;72;104m│[m[38;2;192;202;245m    VPCs                                                                                             [m[38;2;86;95;137m:vpc           [m  [38;2;65;72;104m│[m
[38;2;65;72;104m│[m[38;2;192;202;245m    Subnets                                                                                          [m[38;2;86;95;137m:subnet        [m  [38;2;65;72;104m│[m
[38;2;65;72;104m│[m[38;2;192;202;245m    Route Tables                                                                                     [m[38;2;86;95;137m:rtb           [m  [38;2;65;72;104m│[m
[38;2;65;72;104m│[m[38;2;192;202;245m    NAT Gateways                                                                                     [m[38;2;86;95;137m:nat           [m  [38;2;65;72;104m│[m
[38;2;65;72;104m│[m[38;2;192;202;245m    Internet Gateways                                                                                [m[38;2;86;95;137m:igw           [m  [38;2;65;72;104m│[m
[38;2;65;72;104m│[m[38;2;192;202;245m    Elastic IPs                                                                                      [m[38;2;86;95;137m:eip           [m  [38;2;65;72;104m│[m
[38;2;65;72;104m│[m[38;2;192;202;245m    VPC Endpoints                                                                                    [m[38;2;86;95;137m:vpce          [m  [38;2;65;72;104m│[m
[38;2;65;72;104m│[m[38;2;192;202;245m    Transit Gateways                                                                                 [m[38;2;86;95;137m:tgw           [m  [38;2;65;72;104m│[m
[38;2;65;72;104m│[m[38;2;192;202;245m    Network Interfaces                                                                               [m[38;2;86;95;137m:eni           [m  [38;2;65;72;104m│[m
[38;2;65;72;104m└──[m[1;38;2;122;162;247mctrl+r[m [38;2;86;95;137mRefresh[m[38;2;65;72;104m──────────────────────────────────────────────────────────────────────────────────────────────────────┘[m