 [38;2;192;202;245m[1;38;2;122;162;247ma9s[m[38;2;86;95;137m v[m[1;38;2;192;202;245m  demo:us-east-1[m                                                                                       [38;2;86;95;137m? for help[m[m 
[38;2;65;72;104m┌──────────────────────────────────────────────── [m[1;38;2;122;162;247mresource-types(1/66)[m[38;2;65;72;104m ────────────────────────────────────────────────┐[m
[38;2;65;72;104m│[m[38;2;86;95;137m  COMPUTE [m                                                                                                            [38;2;65;72;104m│[m
[38;2;65;72;104m│[m[1;38;2;26;27;38;48;2;122;162;247m    EC2 Instances                                                                                    [38;2;86;95;137m:ec2           [m[m[48;2;122;162;247m  [m[38;2;65;72;104m│[m
[38;2;65;72;104m│[m                                                                                                                      [38;2;65;72;104m│[m
[38;2;65;72;104m│[m                                                                                                                      [38;2;65;72;104m│[m
[38;2;65;72;104m│[m                                                                                                                      [38;2;65;72;104m│[m
[38;2;65;72;104m│[m                                                                                                                      [38;2;65;72;104m│[m
[38;2;65;72;104m│[m                                                                                                                      [38;2;65;72;104m│[m
[38;2;65;72;104m│[m                                                                                                                      [38;2;65;72;104m│[m
[38;2;65;72;104m│[m                                                                                                                      [38;2;65;72;104m│[m
[38;2;65;72;104m│[m                                                                                                                      [38;2;65;72;104m│[m
[38;2;65;72;104m│[m                                                                                                                      [38;2;65;72;104m│[m
[38;2;65;72;104m│[m                                                                                                                      [38;2;65;72;104m│[m
[38;2;65;72;104m│[m                                                                                                                      [38;2;65;72;104m│[m
[38;2;65;72;104m│[m                                                                                                                      [38;2;65;72;104m│[m
[38;2;65;72;104m│[m                                                                                                                      [38;2;65;72;104m│[m
[38;2;65;72;104m│[m                                                                                                                      [38;2;65;72;104m│[m
[38;2;65;72;104m│[m                                                                                                                      [38;2;65;72;104m│[m
[38;2;65;72;104m│[m                                                                                                                      [38;2;65;72;104m│[m
[38;2;65;72;104m│[m                                                                                                                      [38;2;65;72;104m│[m
[38;2;65;72;104m│[m                                                                                                                      [38;2;65;72;104m│[m
[38;2;65;72;104m│[m                                                                                                                      [38;2;65;72;104m│[m
[38;2;65;72;104m│[m                                                                                                                      [38;2;65;72;104m│[m
[38;2;65;72;104m│[m                                                                                                                      [38;2;65;72;104m│[m
[38;2;65;72;104m│[m                                                                                                                      [38;2;65;72;104m│[m
[38;2;65;72;104m│[m                                                                                                                      [38;2;65;72;104m│[m
[38;2;65;72;104m│[m                                                                                                                      [38;2;65;72;104m│[m
[38;2;65;72;104m│[m                                                                                                                      [38;2;65;72;104m│[m
[38;2;65;72;104m└──[m[1;38;2;122;162;247mctrl+r[m [38;2;86;95;137mRefresh[m[38;2;65;72;104m──────────────────────────────────────────────────────────────────────────────────────────────────────┘[m