 [38;2;192;202;245m[1;38;2;122;162;247ma9s[m[38;2;86;95;137m v[m[1;38;2;192;202;245m  testprofile:...[m                                                                                      [38;2;86;95;137m? for help[m[m 
[38;2;65;72;104m┌────────────────────────────────────────────────── [m[1;38;2;122;162;247maws-regions(27)[m[38;2;65;72;104m ───────────────────────────────────────────────────┐[m
[38;2;65;72;104m│[m[1;38;2;26;27;38;48;2;122;162;247m  us-east-1 [38;2;86;95;137m(current)[m[m[48;2;122;162;247m                                                                                                 [m[38;2;65;72;104m│[m
[38;2;65;72;104m│[m[38;2;192;202;245m  us-east-2[m                                                                                                           [38;2;65;72;104m│[m
[38;2;65;72;104m│[m[38;2;192;202;245m  us-west-1[m                                                                                                           [38;2;65;72;104m│[m
[38;2;65;72;104m│[m[38;2;192;202;245m  us-west-2[m                                                                                                           [38;2;65;72;104m│[m
[38;2;65;72;104m│[m[38;2;192;202;245m  af-south-1[m                                                                                                          [38;2;65;72;104m│[m
[38;2;65;72;104m│[m[38;2;192;202;245m  ap-east-1[m                                                                                                           [38;2;65;72;104m│[m
[38;2;65;72;104m│[m[38;2;192;202;245m  ap-south-1[m                                                                                                          [38;2;65;72;104m│[m
[38;2;65;72;104m│[m[38;2;192;202;245m  ap-south-2[m                                                                                                          [38;2;65;72;104m│[m
[38;2;65;72;104m│[m[38;2;192;202;245m  ap-southeast-1[m                                                                                                      [38;2;65;72;104m│[m
[38;2;65;72;104m│[m[38;2;192;202;245m  ap-southeast-2[m                                                                                                      [38;2;65;72;104m│[m
[38;2;65;72;104m│[m[38;2;192;202;245m  ap-southeast-3[m                                                                                                      [38;2;65;72;104m│[m
[38;2;65;72;104m│[m[38;2;192;202;245m  ap-northeast-1[m                                                                                                      [38;2;65;72;104m│[m
[38;2;65;72;104m│[m[38;2;192;202;245m  ap-northeast-2[m                                                                                                      [38;2;65;72;104m│[m
[38;2;65;72;104m│[m[38;2;192;202;245m  ap-northeast-3[m                                                                                                      [38;2;65;72;104m│[m
[38;2;65;72;104m│[m[38;2;192;202;245m  ca-central-1[m                                                                                                        [38;2;65;72;104m│[m
[38;2;65;72;104m│[m[38;2;192;202;245m  eu-central-1[m                                                                                                        [38;2;65;72;104m│[m
[38;2;65;72;104m│[m[38;2;192;202;245m  eu-central-2[m                                                                                                        [38;2;65;72;104m│[m
[38;2;65;72;104m│[m[38;2;192;202;245m  eu-west-1[m                                                                                                           [38;2;65;72;104m│[m
[38;2;65;72;104m│[m[38;2;192;202;245m  eu-west-2[m                                                                                                           [38;2;65;72;104m│[m
[38;2;65;72;104m│[m[38;2;192;202;245m  eu-west-3[m                                                                                                           [38;2;65;72;104m│[m
[38;2;65;72;104m│[m[38;2;192;202;245m  eu-north-1[m                                                                                                          [38;2;65;72;104m│[m
[38;2;65;72;104m│[m[38;2;192;202;245m  eu-south-1[m                                                                                                          [38;2;65;72;104m│[m
[38;2;65;72;104m│[m[38;2;192;202;245m  eu-south-2[m                                                                                                          [38;2;65;72;104m│[m
[38;2;65;72;104m│[m[38;2;192;202;245m  me-south-1[m                                                                                                          [38;2;65;72;104m│[m
[38;2;65;72;104m│[m[38;2;192;202;245m  me-central-1[m                                                                                                        [38;2;65;72;104m│[m
[38;2;65;72;104m│[m[38;2;192;202;245m  sa-east-1[m                                                                                                           [38;2;65;72;104m│[m
[38;2;65;72;104m│[m[38;2;192;202;245m  il-central-1[m                                                                                                        [38;2;65;72;104m│[m
[38;2;65;72;104m└──────────────────────────────────────────────────────────────────────────────────────────────────────────────────────┘[m