 [38;2;122;162;247mImageId:              [m[38;2;192;202;245mami-0abc123def456789a[m                                           [38;2;122;162;247m│[m[38;2;86;95;137m            RELATED[m
 [38;2;122;162;247mInstanceId:           [m[38;2;192;202;245mi-0a1b2c3d4e5f60001[m                                             [38;2;122;162;247m│[m[1;38;2;26;27;38;48;2;122;162;247m  Target Groups (1)[m[48;2;122;162;247m             [m
 [38;2;122;162;247mInstanceType:         [m[38;2;192;202;245mt3.large[m                                                        [38;2;122;162;247m│[m[38;2;192;202;245m  Auto Scaling Groups (2)[m
 [38;2;122;162;247mState:                [m[38;2;192;202;245mrunning[m                                                         [38;2;122;162;247m│[m[38;2;86;95;137m  CloudWatch Alarms (0)[m
 [38;2;122;162;247mSubnetId:             [m[38;2;192;202;245msubnet-0aaa111111111111a[m                                        [38;2;122;162;247m│[m[38;2;86;95;137m  CloudFormation Stacks (0)[m
 [38;2;122;162;247mVpcId:                [m[38;2;192;202;245mvpc-0abc123def456789a[m                                           [38;2;122;162;247m│[m
                                                                                       [38;2;122;162;247m│[m
                                                                                       [38;2;122;162;247m│[m
                                                                                       [38;2;122;162;247m│[m
                                                                                       [38;2;122;162;247m│[m
                                                                                       [38;2;122;162;247m│[m
                                                                                       [38;2;122;162;247m│[m
                                                                                       [38;2;122;162;247m│[m
                                                                                       [38;2;122;162;247m│[m
                                                                                       [38;2;122;162;247m│[m
                                                                                       [38;2;122;162;247m│[m
                                                                                       [38;2;122;162;247m│[m
                                                                                       [38;2;122;162;247m│[m
                                                                                       [38;2;122;162;247m│[m
                                                                                       [38;2;122;162;247m│[m
                                                                                       [38;2;122;162;247m│[m
                                                                                       [38;2;122;162;247m│[m
                                                                                       [38;2;122;162;247m│[m
                                                                                       [38;2;122;162;247m│[m
                                                                                       [38;2;122;162;247m│[m
                                                                                       [38;2;122;162;247m│[m
                                                                                       [38;2;122;162;247m│[m
                                                                                       [38;2;122;162;247m│[m
                                                                                       [38;2;122;162;247m│[m
                                                                                       [38;2;122;162;247m│[m