 [38;2;192;202;245m[1;38;2;122;162;247ma9s[m[38;2;86;95;137m v[m[1;38;2;192;202;245m  demo:us-east-1[m                                                                                       [38;2;86;95;137m? for help[m[m 
[38;2;65;72;104m┌─────────────────────────────────── [m[1;38;2;122;162;247malarms(2) -- i-0a1b2c3d4e5f60001 (web-prod-01)[m[38;2;65;72;104m ───────────────────────────────────┐[m
[38;2;65;72;104m│[m[1;38;2;122;162;247m Alarm Name                            State         Metric                    Namespace                 Threshold  [m  [38;2;65;72;104m│[m
[38;2;65;72;104m│[m[1;38;2;26;27;38;48;2;122;162;247m [m[1;38;2;26;27;38;48;2;122;162;247mweb-prod-cpu-high                   [m[1;38;2;26;27;38;48;2;122;162;247m  [m[1;38;2;26;27;38;48;2;122;162;247m            [m[1;38;2;26;27;38;48;2;122;162;247m  [m[1;38;2;26;27;38;48;2;122;162;247m                        [m[1;38;2;26;27;38;48;2;122;162;247m  [m[1;38;2;26;27;38;48;2;122;162;247mweb-prod-cpu-high       [m[1;38;2;26;27;38;48;2;122;162;247m  [m[1;38;2;26;27;38;48;2;122;162;247m           [m[1;38;2;26;27;38;48;2;122;162;247m  [m[38;2;65;72;104m│[m
[38;2;65;72;104m│[m[38;2;158;206;106m [m[38;2;158;206;106mweb-prod-status-check               [m[38;2;158;206;106m  [m[38;2;158;206;106m            [m[38;2;158;206;106m  [m[38;2;158;206;106m                        [m[38;2;158;206;106m  [m[38;2;158;206;106mweb-prod-status-check   [m[38;2;158;206;106m  [m[38;2;158;206;106m           [m  [38;2;65;72;104m│[m
[38;2;65;72;104m│[m                                                                                                                      [38;2;65;72;104m│[m
[38;2;65;72;104m│[m                                                                                                                      [38;2;65;72;104m│[m
[38;2;65;72;104m│[m                                                                                                                      [38;2;65;72;104m│[m
[38;2;65;72;104m│[m                                                                                                                      [38;2;65;72;104m│[m
[38;2;65;72;104m│[m                                                                                                                      [38;2;65;72;104m│[m
[38;2;65;72;104m│[m                                                                                                                      [38;2;65;72;104m│[m
[38;2;65;72;104m│[m                                                                                                                      [38;2;65;72;104m│[m
[38;2;65;72;104m│[m                                                                                                                      [38;2;65;72;104m│[m
[38;2;65;72;104m│[m                                                                                                                      [38;2;65;72;104m│[m
[38;2;65;72;104m│[m                                                                                                                      [38;2;65;72;104m│[m
[38;2;65;72;104m│[m                                                                                                                      [38;2;65;72;104m│[m
[38;2;65;72;104m│[m                                                                                                                      [38;2;65;72;104m│[m
[38;2;65;72;104m│[m                                                                                                                      [38;2;65;72;104m│[m
[38;2;65;72;104m│[m                                                                                                                      [38;2;65;72;104m│[m
[38;2;65;72;104m│[m                                                                                                                      [38;2;65;72;104m│[m
[38;2;65;72;104m│[m                                                                                                                      [38;2;65;72;104m│[m
[38;2;65;72;104m│[m                                                                                                                      [38;2;65;72;104m│[m
[38;2;65;72;104m│[m                                                                                                                      [38;2;65;72;104m│[m
[38;2;65;72;104m│[m                                                                                                                      [38;2;65;72;104m│[m
[38;2;65;72;104m│[m                                                                                                                      [38;2;65;72;104m│[m
[38;2;65;72;104m│[m                                                                                                                      [38;2;65;72;104m│[m
[38;2;65;72;104m│[m                                                                                                                      [38;2;65;72;104m│[m
[38;2;65;72;104m│[m                                                                                                                      [38;2;65;72;104m│[m
[38;2;65;72;104m│[m                                                                                                                      [38;2;65;72;104m│[m
[38;2;65;72;104m└─────────────────────────────────────────────────────[m[1;38;2;122;162;247mesc[m [38;2;86;95;137mBack[m[38;2;65;72;104m──[m[1;38;2;122;162;247menter[m [38;2;86;95;137mAlarm History[m[38;2;65;72;104m──[m[1;38;2;122;162;247md[m [38;2;86;95;137mDetail[m[38;2;65;72;104m──[m[1;38;2;122;162;247my[m [38;2;86;95;137mYAML[m[38;2;65;72;104m──[m[1;38;2;122;162;247mctrl+r[m [38;2;86;95;137mRefresh[m[38;2;65;72;104m──┘[m